Nothing to build in platform 'AudioProcessing2'

21:38:46 **** Incremental Build of configuration Debug for project synthesiser ****
make -j12 all 
make --no-print-directory pre-build
a9-linaro-pre-build-step
' '
make --no-print-directory main-build
'Building file: ../src/helloworld.c'
'Invoking: ARM v7 gcc compiler'
arm-none-eabi-gcc -DDISABLEFLOAT16 -DARM_MATH_NEON -Wall -O0 -g3 -IC:/DevWorks/Synthseiser_git/pxl_audp-synthesiser/AudioProcessing2/export/AudioProcessing2/sw/AudioProcessing2/standalone_ps7_cortexa9_0/bspinclude/include -I"C:\DevWorks\Synthseiser_git\pxl_audp-synthesiser\synthesiser\src\ComputeLibrary" -I"C:\DevWorks\Synthseiser_git\pxl_audp-synthesiser\synthesiser\src\Include" -I"C:\DevWorks\Synthseiser_git\pxl_audp-synthesiser\synthesiser\src\PrivateInclude" -I"C:\DevWorks\Synthseiser_git\pxl_audp-synthesiser\synthesiser\src\Source" -I"C:\DevWorks\Synthseiser_git\pxl_audp-synthesiser\synthesiser\src\ComputeLibrary\Include" -c -fmessage-length=0 -MT"src/helloworld.o" -mcpu=cortex-a9 -mfpu=neon-vfpv4 -mfloat-abi=hard -MMD -MP -MF"src/helloworld.d" -MT"src/helloworld.o" -o "src/helloworld.o" "../src/helloworld.c"
'Finished building: ../src/helloworld.c'
' '
'Building target: synthesiser.elf'
'Invoking: ARM v7 gcc linker'
'Finished building target: synthesiser.elf'
' '
'Invoking: ARM v7 Print Size'
arm-none-eabi-size synthesiser.elf  |tee "synthesiser.elf.size"
   text	   data	    bss	    dec	    hex	filename
1566133	   2208	  23760	1592101	 184b25	synthesiser.elf
'Finished building: synthesiser.elf.size'
' '
